Expecting read out of bounds for test...
src/vector.c: Vector read out of bounds at index 1
Expecting read out of bounds for test...
src/vector.c: Vector read out of bounds at index 2
Expecting read out of bounds for test...
src/vector.c: Vector read out of bounds at index 3
Expecting read out of bounds for test...
src/vector.c: Vector read out of bounds at index 4
Expecting read out of bounds for test...
src/vector.c: Vector read out of bounds at index 5
Expecting write out of bounds for test...
src/vector.c: Vector read out of bounds at index 6
Expecting read out of bounds for test...
src/vector.c: Vector read out of bounds at index 8
Expecting read out of bounds for test...
src/vector.c: Vector read out of bounds at index 10
Expecting read out of bounds for test...
src/vector.c: Vector read out of bounds at index 0
Expecting read out of bounds for test...
src/vector.c: Vector read out of bounds at index 1
Expecting read out of bounds for test...
src/vector.c: Vector read out of bounds at index 2
Expecting read out of bounds for test...
src/vector.c: Vector read out of bounds at index 3
Expecting read out of bounds for test...
src/vector.c: Vector read out of bounds at index 4
Expecting read out of bounds for test...
src/vector.c: Vector read out of bounds at index 5
Expecting read out of bounds for test...
src/vector.c: Vector read out of bounds at index 6
Expecting read out of bounds for test...
src/vector.c: Vector read out of bounds at index 7
Expecting read out of bounds for test...
src/vector.c: Vector read out of bounds at index 8
Expecting read out of bounds for test...
src/vector.c: Vector read out of bounds at index 9
Expecting read out of bounds for test...
src/grid.c: Grid read out of bounds at [100, 0]
Expecting read out of bounds for test...
src/grid.c: Grid read out of bounds at [0, 100]
